[runner] Randomized initialization:
{
  "mode": "random",
  "model": "x500_0",
  "pitch_deg": 0.9458848566560496,
  "roll_deg": -1.107157047404709,
  "seed": 42,
  "world": "default",
  "x": 0.557707193831535,
  "y": -1.8999569791093323,
  "yaw_deg": 63.61181547224808,
  "z": 4.925205228583835
}
[runner] Connecting to PX4 SITL...
Connecting to udp:127.0.0.1:14540...
Connected to PX4 autopilot! (System 1, Component 1)
[runner] PX4 parameter NAV_DLL_ACT=0 confirmed
[runner] PX4 parameter SDLOG_MODE=0 confirmed
[research] Requested telemetry: MAVLINK_MSG_ID_LOCAL_POSITION_NED=30Hz, MAVLINK_MSG_ID_ATTITUDE=30Hz, MAVLINK_MSG_ID_HIGHRES_IMU=20Hz, MAVLINK_MSG_ID_POSITION_TARGET_LOCAL_NED=20Hz, MAVLINK_MSG_ID_ATTITUDE_TARGET=20Hz, MAVLINK_MSG_ID_ACTUATOR_OUTPUT_STATUS=20Hz, MAVLINK_MSG_ID_SERVO_OUTPUT_RAW=20Hz
Started MAVLink receiver thread.
Waiting for fresh position, attitude, and heartbeat telemetry...
[runner] Ground reference captured before airborne initialization: x=0.028 y=-0.019 z=-0.064 yaw=1.684
[runner] Initial heartbeat main_mode=4 sub_mode=3 armed=False
[runner] Moving disarmed vehicle into randomized airborne fixture...
[runner] Gazebo world paused
[runner] Gazebo set_pose accepted for x500_0: data: true
[runner] Gazebo spawn fixture attached: data: true
[runner] Gazebo world resumed
[runner] Fixture height verified in Gazebo: z=4.925m requested=4.925m
[runner] Airborne PX4 estimator settled after Gazebo move: local=(-1.748,0.531,-4.672) launcher_height=4.925m
Waiting for fresh position, attitude, and heartbeat telemetry...
[randomized] Airborne origin: x=-1.748 y=0.531 z=-4.672 yaw=1.861
[randomized] Realized launcher height / backup local ground: height=4.925 backup_ground_z=0.254
[randomized] Landing ground target: z=-0.064 source=stored_ground_reference
[randomized] Ground-reference cross-check: reference_z=-0.064 prediction_error=0.318m
Research logging: research_log_1789957245.csv
[runner] Pre-streaming neutral setpoints for 2.0s...
[runner] Requesting OFFBOARD at held airborne pose...
[runner] OFFBOARD confirmed
[runner] Requesting arm at held airborne pose...
[runner] Armed confirmed
[runner] Spooling propulsion to measured release readiness...
[runner] Release propulsion ready: thrust=0.643 min_motor=642.0 mean_motor=695.5 duration=2.01s
[runner] Gazebo spawn fixture detached
[randomized] Fixture released; free-flight origin: x=-1.858 y=0.587 z=-4.977
[runner] Starting randomized-initialization controller...
Starting fixed research controller loop
STABILIZE    UNKNOWN      Armed=True Pos=(-1.86, 0.59, -4.98) PlanVel=(0.00, 0.00, 0.00) CmdVel=(0.00, 0.00, 0.00) dt=0.0000
STABILIZE    UNKNOWN      Armed=True Pos=(-2.07, 0.54, -4.57) PlanVel=(0.00, 0.00, 0.00) CmdVel=(0.17, 0.04, -0.40) dt=0.0500
STABILIZE    UNKNOWN      Armed=True Pos=(-2.41, 0.63, -4.63) PlanVel=(0.00, 0.00, 0.00) CmdVel=(0.44, -0.03, -0.35) dt=0.0500
STABILIZE    UNKNOWN      Armed=True Pos=(-2.60, 0.01, -4.74) PlanVel=(0.00, 0.00, 0.00) CmdVel=(0.60, 0.46, -0.23) dt=0.0500
STABILIZE    UNKNOWN      Armed=True Pos=(-2.09, -0.61, -4.82) PlanVel=(0.00, 0.00, 0.00) CmdVel=(0.18, 0.96, -0.15) dt=0.0500
STABILIZE    UNKNOWN      Armed=True Pos=(-1.25, -0.32, -4.89) PlanVel=(0.00, 0.00, 0.00) CmdVel=(-0.49, 0.73, -0.08) dt=0.0500
STABILIZE    UNKNOWN      Armed=True Pos=(-1.16, 0.47, -4.93) PlanVel=(0.00, 0.00, 0.00) CmdVel=(-0.56, 0.10, -0.05) dt=0.0500
STABILIZE    UNKNOWN      Armed=True Pos=(-1.66, 0.91, -4.95) PlanVel=(0.00, 0.00, 0.00) CmdVel=(-0.16, -0.26, -0.03) dt=0.0500
STABILIZE    UNKNOWN      Armed=True Pos=(-2.15, 0.80, -4.96) PlanVel=(0.00, 0.00, 0.00) CmdVel=(0.23, -0.17, -0.02) dt=0.0500
[research] Phase transition STABILIZE->TRAJECTORY
TRAJECTORY   UNKNOWN      Armed=True Pos=(-2.26, 0.51, -4.96) PlanVel=(0.00, 0.00, 0.00) CmdVel=(0.32, 0.06, -0.01) dt=0.0500
TRAJECTORY   UNKNOWN      Armed=True Pos=(-2.01, 0.21, -4.98) PlanVel=(0.60, 0.00, 0.00) CmdVel=(0.90, 0.30, 0.01) dt=0.0500
TRAJECTORY   UNKNOWN      Armed=True Pos=(-0.93, 0.14, -4.98) PlanVel=(1.64, 0.00, 0.00) CmdVel=(2.02, 0.35, 0.00) dt=0.0500
TRAJECTORY   UNKNOWN      Armed=True Pos=(1.31, 0.10, -4.99) PlanVel=(2.00, 0.00, 0.00) CmdVel=(2.18, 0.39, 0.01) dt=0.0500
TRAJECTORY   UNKNOWN      Armed=True Pos=(3.71, 0.29, -4.99) PlanVel=(2.00, 0.00, 0.00) CmdVel=(1.87, 0.24, 0.01) dt=0.0500
TRAJECTORY   UNKNOWN      Armed=True Pos=(5.87, 0.63, -4.99) PlanVel=(2.00, 0.00, 0.00) CmdVel=(1.82, -0.03, 0.02) dt=0.0500
TRAJECTORY   UNKNOWN      Armed=True Pos=(7.78, 0.87, -5.00) PlanVel=(2.00, 0.00, 0.00) CmdVel=(1.89, -0.23, 0.02) dt=0.0500
TRAJECTORY   UNKNOWN      Armed=True Pos=(9.81, 0.93, -5.00) PlanVel=(2.00, 0.00, 0.00) CmdVel=(1.94, -0.28, 0.03) dt=0.0500
TRAJECTORY   UNKNOWN      Armed=True Pos=(11.83, 0.82, -4.99) PlanVel=(2.00, 0.00, 0.00) CmdVel=(2.01, -0.19, 0.02) dt=0.0500
TRAJECTORY   UNKNOWN      Armed=True Pos=(13.97, 0.72, -4.99) PlanVel=(2.00, 0.00, 0.00) CmdVel=(1.98, -0.11, 0.02) dt=0.0500
TRAJECTORY   UNKNOWN      Armed=True Pos=(16.02, 0.66, -5.02) PlanVel=(2.00, 0.00, 0.00) CmdVel=(1.94, -0.06, 0.04) dt=0.0500
TRAJECTORY   UNKNOWN      Armed=True Pos=(18.09, 0.62, -5.01) PlanVel=(2.00, 0.00, 0.00) CmdVel=(1.96, -0.03, 0.03) dt=0.0500
TRAJECTORY   UNKNOWN      Armed=True Pos=(20.22, 0.62, -5.00) PlanVel=(2.00, 0.00, 0.00) CmdVel=(1.94, -0.02, 0.02) dt=0.0500
TRAJECTORY   UNKNOWN      Armed=True Pos=(22.20, 0.63, -5.00) PlanVel=(2.00, 0.00, 0.00) CmdVel=(1.95, -0.03, 0.03) dt=0.0500
TRAJECTORY   UNKNOWN      Armed=True Pos=(24.19, 0.61, -5.00) PlanVel=(2.00, 0.00, 0.00) CmdVel=(1.96, -0.02, 0.02) dt=0.0500
TRAJECTORY   UNKNOWN      Armed=True Pos=(26.26, 0.58, -5.01) PlanVel=(1.85, 0.00, 0.00) CmdVel=(1.81, 0.01, 0.03) dt=0.0500
TRAJECTORY   UNKNOWN      Armed=True Pos=(28.16, 0.62, -5.02) PlanVel=(1.08, 0.00, 0.00) CmdVel=(0.74, -0.03, 0.05) dt=0.0500
TRAJECTORY   UNKNOWN      Armed=True Pos=(29.11, 0.71, -5.01) PlanVel=(1.00, -0.01, 0.00) CmdVel=(0.71, -0.11, 0.03) dt=0.0500
TRAJECTORY   UNKNOWN      Armed=True Pos=(29.86, 0.72, -5.00) PlanVel=(0.99, -0.12, 0.00) CmdVel=(0.93, -0.28, 0.02) dt=0.0500
TRAJECTORY   UNKNOWN      Armed=True Pos=(30.72, 0.50, -5.00) PlanVel=(0.98, -0.21, 0.00) CmdVel=(1.02, -0.33, 0.03) dt=0.0500
TRAJECTORY   UNKNOWN      Armed=True Pos=(31.73, 0.11, -4.99) PlanVel=(0.95, -0.32, 0.00) CmdVel=(1.00, -0.35, 0.01) dt=0.0501
TRAJECTORY   UNKNOWN      Armed=True Pos=(32.73, -0.29, -5.00) PlanVel=(0.91, -0.41, 0.00) CmdVel=(0.94, -0.43, 0.03) dt=0.0500
TRAJECTORY   UNKNOWN      Armed=True Pos=(33.66, -0.73, -5.01) PlanVel=(0.86, -0.50, 0.00) CmdVel=(0.86, -0.53, 0.03) dt=0.0500
TRAJECTORY   UNKNOWN      Armed=True Pos=(34.54, -1.28, -4.99) PlanVel=(0.81, -0.59, 0.00) CmdVel=(0.80, -0.64, 0.01) dt=0.0500
TRAJECTORY   UNKNOWN      Armed=True Pos=(35.36, -1.89, -4.99) PlanVel=(0.74, -0.67, 0.00) CmdVel=(0.73, -0.77, 0.01) dt=0.0500
TRAJECTORY   UNKNOWN      Armed=True Pos=(36.12, -2.63, -5.00) PlanVel=(0.67, -0.75, 0.00) CmdVel=(0.64, -0.84, 0.02) dt=0.0500
TRAJECTORY   UNKNOWN      Armed=True Pos=(36.77, -3.40, -4.99) PlanVel=(0.59, -0.81, 0.00) CmdVel=(0.54, -0.91, 0.01) dt=0.0500
TRAJECTORY   UNKNOWN      Armed=True Pos=(37.37, -4.29, -4.99) PlanVel=(0.50, -0.87, 0.00) CmdVel=(0.43, -0.96, 0.02) dt=0.0500
TRAJECTORY   UNKNOWN      Armed=True Pos=(37.82, -5.20, -5.00) PlanVel=(0.41, -0.91, 0.00) CmdVel=(0.35, -0.99, 0.02) dt=0.0500
TRAJECTORY   UNKNOWN      Armed=True Pos=(38.14, -6.17, -5.00) PlanVel=(0.32, -0.95, 0.00) CmdVel=(0.29, -0.99, 0.02) dt=0.0500
TRAJECTORY   UNKNOWN      Armed=True Pos=(38.42, -7.23, -5.00) PlanVel=(0.22, -0.98, 0.00) CmdVel=(0.19, -0.98, 0.02) dt=0.0500
TRAJECTORY   UNKNOWN      Armed=True Pos=(38.61, -8.25, -4.99) PlanVel=(0.11, -0.99, 0.00) CmdVel=(0.07, -1.01, 0.02) dt=0.0500
TRAJECTORY   UNKNOWN      Armed=True Pos=(38.70, -9.27, -4.99) PlanVel=(0.01, -1.00, 0.00) CmdVel=(-0.05, -1.00, 0.01) dt=0.0500
TRAJECTORY   UNKNOWN      Armed=True Pos=(38.66, -10.32, -4.99) PlanVel=(-0.09, -1.00, 0.00) CmdVel=(-0.15, -0.99, 0.02) dt=0.0500
TRAJECTORY   UNKNOWN      Armed=True Pos=(38.48, -11.36, -5.00) PlanVel=(-0.19, -0.98, 0.00) CmdVel=(-0.23, -0.98, 0.03) dt=0.0500
TRAJECTORY   UNKNOWN      Armed=True Pos=(38.20, -12.42, -5.01) PlanVel=(-0.30, -0.96, 0.00) CmdVel=(-0.31, -0.92, 0.03) dt=0.0500
TRAJECTORY   UNKNOWN      Armed=True Pos=(37.87, -13.38, -4.99) PlanVel=(-0.39, -0.92, 0.00) CmdVel=(-0.44, -0.90, 0.01) dt=0.0500
TRAJECTORY   UNKNOWN      Armed=True Pos=(37.40, -14.26, -4.98) PlanVel=(-0.48, -0.87, 0.00) CmdVel=(-0.51, -0.87, 0.00) dt=0.0500
TRAJECTORY   UNKNOWN      Armed=True Pos=(36.83, -15.14, -4.98) PlanVel=(-0.57, -0.82, 0.00) CmdVel=(-0.58, -0.83, 0.00) dt=0.0500
TRAJECTORY   UNKNOWN      Armed=True Pos=(36.19, -15.99, -5.00) PlanVel=(-0.66, -0.75, 0.00) CmdVel=(-0.67, -0.74, 0.02) dt=0.0500
TRAJECTORY   UNKNOWN      Armed=True Pos=(35.50, -16.76, -4.99) PlanVel=(-0.73, -0.69, 0.00) CmdVel=(-0.74, -0.63, 0.01) dt=0.0500
TRAJECTORY   UNKNOWN      Armed=True Pos=(34.71, -17.43, -4.98) PlanVel=(-0.80, -0.61, 0.00) CmdVel=(-0.82, -0.56, 0.01) dt=0.0500
TRAJECTORY   UNKNOWN      Armed=True Pos=(33.88, -17.99, -4.98) PlanVel=(-0.85, -0.52, 0.00) CmdVel=(-0.87, -0.48, 0.00) dt=0.0500
TRAJECTORY   UNKNOWN      Armed=True Pos=(32.95, -18.48, -4.99) PlanVel=(-0.90, -0.43, 0.00) CmdVel=(-0.92, -0.39, 0.01) dt=0.0500
TRAJECTORY   UNKNOWN      Armed=True Pos=(31.96, -18.90, -5.00) PlanVel=(-0.94, -0.33, 0.00) CmdVel=(-0.94, -0.29, 0.02) dt=0.0500
TRAJECTORY   UNKNOWN      Armed=True Pos=(31.00, -19.18, -4.99) PlanVel=(-0.97, -0.24, 0.00) CmdVel=(-0.96, -0.19, 0.01) dt=0.0500
TRAJECTORY   UNKNOWN      Armed=True Pos=(29.95, -19.36, -4.99) PlanVel=(-0.99, -0.13, 0.00) CmdVel=(-0.98, -0.10, 0.01) dt=0.0500
TRAJECTORY   UNKNOWN      Armed=True Pos=(28.89, -19.46, -5.00) PlanVel=(-1.00, -0.03, 0.00) CmdVel=(-0.97, 0.01, 0.02) dt=0.0500
TRAJECTORY   UNKNOWN      Armed=True Pos=(27.89, -19.45, -4.99) PlanVel=(-1.02, -0.00, 0.00) CmdVel=(-0.99, 0.03, 0.02) dt=0.0500
TRAJECTORY   UNKNOWN      Armed=True Pos=(26.80, -19.40, -4.99) PlanVel=(-1.69, -0.00, 0.00) CmdVel=(-1.83, -0.01, 0.01) dt=0.0500
TRAJECTORY   UNKNOWN      Armed=True Pos=(24.99, -19.33, -4.98) PlanVel=(-2.00, -0.00, 0.00) CmdVel=(-2.30, -0.07, 0.00) dt=0.0500
TRAJECTORY   UNKNOWN      Armed=True Pos=(22.75, -19.23, -4.98) PlanVel=(-2.00, -0.00, 0.00) CmdVel=(-2.11, -0.15, 0.00) dt=0.0500
TRAJECTORY   UNKNOWN      Armed=True Pos=(20.63, -19.26, -4.98) PlanVel=(-2.00, -0.00, 0.00) CmdVel=(-2.01, -0.12, 0.00) dt=0.0500
TRAJECTORY   UNKNOWN      Armed=True Pos=(18.46, -19.34, -4.99) PlanVel=(-2.00, -0.00, 0.00) CmdVel=(-1.96, -0.06, 0.01) dt=0.0500
TRAJECTORY   UNKNOWN      Armed=True Pos=(16.45, -19.40, -4.98) PlanVel=(-2.00, -0.00, 0.00) CmdVel=(-1.95, -0.01, 0.01) dt=0.0500
TRAJECTORY   UNKNOWN      Armed=True Pos=(14.35, -19.40, -4.97) PlanVel=(-2.00, -0.00, 0.00) CmdVel=(-1.95, -0.01, -0.00) dt=0.0500
TRAJECTORY   UNKNOWN      Armed=True Pos=(12.25, -19.42, -4.98) PlanVel=(-2.00, -0.00, 0.00) CmdVel=(-1.95, 0.00, 0.00) dt=0.0500
TRAJECTORY   UNKNOWN      Armed=True Pos=(10.22, -19.41, -4.99) PlanVel=(-2.00, -0.00, 0.00) CmdVel=(-2.00, -0.01, 0.01) dt=0.0500
TRAJECTORY   UNKNOWN      Armed=True Pos=(8.12, -19.37, -4.98) PlanVel=(-2.00, -0.00, 0.00) CmdVel=(-2.00, -0.03, 0.00) dt=0.0500
TRAJECTORY   UNKNOWN      Armed=True Pos=(6.12, -19.35, -4.99) PlanVel=(-2.00, -0.00, 0.00) CmdVel=(-2.01, -0.05, 0.01) dt=0.0500
TRAJECTORY   UNKNOWN      Armed=True Pos=(4.12, -19.34, -4.99) PlanVel=(-2.00, -0.00, 0.00) CmdVel=(-2.01, -0.05, 0.01) dt=0.0500
TRAJECTORY   UNKNOWN      Armed=True Pos=(2.03, -19.37, -4.98) PlanVel=(-2.00, -0.00, 0.00) CmdVel=(-2.01, -0.04, 0.01) dt=0.0500
TRAJECTORY   UNKNOWN      Armed=True Pos=(-0.13, -19.38, -4.99) PlanVel=(-1.81, -0.00, 0.00) CmdVel=(-1.75, -0.03, 0.02) dt=0.0500
TRAJECTORY   UNKNOWN      Armed=True Pos=(-1.92, -19.40, -5.01) PlanVel=(-0.84, -0.00, 0.00) CmdVel=(-0.47, -0.01, 0.03) dt=0.0500
TRAJECTORY   UNKNOWN      Armed=True Pos=(-2.53, -19.52, -5.00) PlanVel=(-0.04, -0.00, 0.00) CmdVel=(0.50, 0.08, 0.02) dt=0.0500
TRAJECTORY   UNKNOWN      Armed=True Pos=(-2.13, -19.61, -4.98) PlanVel=(0.00, 0.00, 0.00) CmdVel=(0.22, 0.16, 0.00) dt=0.0500
TRAJECTORY   UNKNOWN      Armed=True Pos=(-1.86, -19.48, -4.99) PlanVel=(0.00, 0.00, 0.00) CmdVel=(-0.00, 0.06, 0.01) dt=0.0502
TRAJECTORY   UNKNOWN      Armed=True Pos=(-1.77, -19.34, -4.97) PlanVel=(0.00, 0.00, 0.00) CmdVel=(-0.07, -0.06, -0.01) dt=0.0500
TRAJECTORY   UNKNOWN      Armed=True Pos=(-1.80, -19.29, -4.98) PlanVel=(0.00, 0.00, 0.00) CmdVel=(-0.05, -0.10, 0.00) dt=0.0500
TRAJECTORY   UNKNOWN      Armed=True Pos=(-1.82, -19.38, -4.97) PlanVel=(0.00, 0.00, 0.00) CmdVel=(-0.03, -0.03, -0.00) dt=0.0500
TRAJECTORY   UNKNOWN      Armed=True Pos=(-1.82, -19.44, -4.97) PlanVel=(-0.00, 0.03, 0.00) CmdVel=(-0.03, 0.05, -0.00) dt=0.0500
TRAJECTORY   UNKNOWN      Armed=True Pos=(-1.84, -19.35, -4.98) PlanVel=(-0.00, 0.78, 0.00) CmdVel=(-0.02, 1.01, 0.00) dt=0.0500
TRAJECTORY   UNKNOWN      Armed=True Pos=(-1.80, -18.44, -4.99) PlanVel=(-0.00, 1.74, 0.00) CmdVel=(-0.05, 2.27, 0.01) dt=0.0500
TRAJECTORY   UNKNOWN      Armed=True Pos=(-1.69, -16.23, -4.98) PlanVel=(-0.00, 2.00, 0.00) CmdVel=(-0.14, 2.39, 0.01) dt=0.0500
TRAJECTORY   UNKNOWN      Armed=True Pos=(-1.70, -13.78, -4.99) PlanVel=(-0.00, 2.00, 0.00) CmdVel=(-0.13, 2.10, 0.01) dt=0.0500
TRAJECTORY   UNKNOWN      Armed=True Pos=(-1.82, -11.63, -4.99) PlanVel=(-0.00, 2.00, 0.00) CmdVel=(-0.03, 1.98, 0.01) dt=0.0500
TRAJECTORY   UNKNOWN      Armed=True Pos=(-1.92, -9.47, -4.99) PlanVel=(-0.00, 2.00, 0.00) CmdVel=(0.05, 1.94, 0.01) dt=0.0500
TRAJECTORY   UNKNOWN      Armed=True Pos=(-1.92, -7.41, -4.99) PlanVel=(-0.00, 2.00, 0.00) CmdVel=(0.05, 1.97, 0.01) dt=0.0500
TRAJECTORY   UNKNOWN      Armed=True Pos=(-1.89, -5.40, -4.98) PlanVel=(-0.00, 2.00, 0.00) CmdVel=(0.03, 1.97, 0.01) dt=0.0500
TRAJECTORY   UNKNOWN      Armed=True Pos=(-1.85, -3.28, -4.99) PlanVel=(-0.00, 2.00, 0.00) CmdVel=(-0.00, 1.95, 0.01) dt=0.0500
TRAJECTORY   UNKNOWN      Armed=True Pos=(-1.84, -1.23, -4.99) PlanVel=(-0.00, 1.83, 0.00) CmdVel=(-0.02, 1.79, 0.01) dt=0.0500
TRAJECTORY   UNKNOWN      Armed=True Pos=(-1.83, 0.53, -4.99) PlanVel=(-0.00, 0.92, 0.00) CmdVel=(-0.02, 0.59, 0.01) dt=0.0500
TRAJECTORY   UNKNOWN      Armed=True Pos=(-1.91, 1.25, -4.99) PlanVel=(-0.00, 0.09, 0.00) CmdVel=(0.04, -0.45, 0.02) dt=0.0500
TRAJECTORY   UNKNOWN      Armed=True Pos=(-1.97, 0.97, -4.97) PlanVel=(0.00, 0.00, 0.00) CmdVel=(0.09, -0.30, -0.00) dt=0.0500
TRAJECTORY   UNKNOWN      Armed=True Pos=(-1.94, 0.67, -4.98) PlanVel=(0.00, 0.00, 0.00) CmdVel=(0.06, -0.07, 0.00) dt=0.0500
TRAJECTORY   UNKNOWN      Armed=True Pos=(-1.80, 0.54, -4.98) PlanVel=(0.00, 0.00, 0.00) CmdVel=(-0.05, 0.04, 0.01) dt=0.0500
TRAJECTORY   UNKNOWN      Armed=True Pos=(-1.73, 0.53, -4.98) PlanVel=(0.00, 0.00, 0.00) CmdVel=(-0.10, 0.05, 0.00) dt=0.0500
TRAJECTORY   UNKNOWN      Armed=True Pos=(-1.73, 0.53, -4.98) PlanVel=(0.00, 0.00, 0.00) CmdVel=(-0.10, 0.05, 0.01) dt=0.0500
[research] Phase transition TRAJECTORY->LAND
LAND         UNKNOWN      Armed=True Pos=(-1.73, 0.51, -4.98) PlanVel=(0.00, 0.00, 0.02) CmdVel=(-0.10, 0.06, 0.02) dt=0.0500
LAND         UNKNOWN      Armed=True Pos=(-1.78, 0.49, -4.86) PlanVel=(0.00, 0.00, 0.33) CmdVel=(-0.06, 0.08, 0.33) dt=0.0500
LAND         UNKNOWN      Armed=True Pos=(-1.83, 0.52, -4.42) PlanVel=(0.00, 0.00, 0.50) CmdVel=(-0.02, 0.05, 0.50) dt=0.0500
LAND         UNKNOWN      Armed=True Pos=(-1.85, 0.54, -3.90) PlanVel=(0.00, 0.00, 0.50) CmdVel=(-0.01, 0.04, 0.50) dt=0.0500
LAND         UNKNOWN      Armed=True Pos=(-1.83, 0.53, -3.38) PlanVel=(0.00, 0.00, 0.50) CmdVel=(-0.02, 0.05, 0.50) dt=0.0500
LAND         UNKNOWN      Armed=True Pos=(-1.84, 0.54, -2.86) PlanVel=(0.00, 0.00, 0.50) CmdVel=(-0.02, 0.04, 0.50) dt=0.0500
LAND         UNKNOWN      Armed=True Pos=(-1.84, 0.56, -2.35) PlanVel=(0.00, 0.00, 0.50) CmdVel=(-0.01, 0.02, 0.50) dt=0.0500
LAND         UNKNOWN      Armed=True Pos=(-1.86, 0.58, -1.85) PlanVel=(0.00, 0.00, 0.50) CmdVel=(0.01, 0.00, 0.50) dt=0.0500
LAND         UNKNOWN      Armed=True Pos=(-1.86, 0.59, -1.33) PlanVel=(0.00, 0.00, 0.50) CmdVel=(0.00, 0.00, 0.50) dt=0.0500
LAND         UNKNOWN      Armed=True Pos=(-1.85, 0.56, -0.86) PlanVel=(0.00, 0.00, 0.36) CmdVel=(-0.01, 0.02, 0.36) dt=0.0500
LAND         UNKNOWN      Armed=True Pos=(-1.86, 0.56, -0.57) PlanVel=(0.00, 0.00, 0.23) CmdVel=(0.00, 0.02, 0.23) dt=0.0500
LAND         UNKNOWN      Armed=True Pos=(-1.86, 0.55, -0.39) PlanVel=(0.00, 0.00, 0.14) CmdVel=(0.00, 0.03, 0.14) dt=0.0500
[research] Phase transition LAND->DONE
DONE         UNKNOWN      Armed=True Pos=(-1.87, 0.56, -0.29) PlanVel=(0.00, 0.00, 0.00) CmdVel=(0.00, 0.00, 0.00) dt=0.0500
[runner] Controlled approach reached landing handoff
[runner] Handing final touchdown to PX4 LAND...
DONE         LAND         Armed=True Pos=(-1.90, 0.60, -0.07) PlanVel=(0.00, 0.00, 0.00) CmdVel=(0.00, 0.00, 0.00) dt=0.0500
DONE         LAND         Armed=True Pos=(-1.89, 0.60, -0.08) PlanVel=(0.00, 0.00, 0.00) CmdVel=(0.00, 0.00, 0.00) dt=0.0500
DONE         LAND         Armed=True Pos=(-1.90, 0.60, -0.05) PlanVel=(0.00, 0.00, 0.00) CmdVel=(0.00, 0.00, 0.00) dt=0.0500
DONE         LAND         Armed=True Pos=(-1.90, 0.58, -0.06) PlanVel=(0.00, 0.00, 0.00) CmdVel=(0.00, 0.00, 0.00) dt=0.0500
[runner] PX4 native landing/disarm confirmed
Stopping controller...
[research] MAVLink message counts: {'ACTUATOR_OUTPUT_STATUS': 2599, 'ALTITUDE': 1300, 'ATTITUDE': 3901, 'ATTITUDE_QUATERNION': 6500, 'ATTITUDE_TARGET': 2600, 'BATTERY_STATUS': 65, 'COMMAND_ACK': 10, 'COMMAND_LONG': 6, 'ESTIMATOR_STATUS': 130, 'EXTENDED_SYS_STATE': 650, 'GLOBAL_POSITION_INT': 6500, 'GPS_RAW_INT': 3940, 'HEARTBEAT': 131, 'HIGHRES_IMU': 2601, 'HOME_POSITION': 65, 'LOCAL_POSITION_NED': 3900, 'MISSION_CURRENT': 130, 'ODOMETRY': 3900, 'OPEN_DRONE_ID_LOCATION': 130, 'OPEN_DRONE_ID_SYSTEM': 130, 'PING': 130, 'POSITION_TARGET_GLOBAL_INT': 48, 'POSITION_TARGET_LOCAL_NED': 2600, 'SCALED_PRESSURE': 130, 'SERVO_OUTPUT_RAW': 2600, 'SYSTEM_TIME': 130, 'SYS_STATUS': 650, 'TIMESYNC': 1300, 'VFR_HUD': 1300, 'VIBRATION': 65}
Controller stopped.
[runner] SUCCESS seed=42 spawn=(0.558,-1.900,4.925)
