[runner] Randomized initialization:
{
  "mode": "random",
  "model": "x500_0",
  "pitch_deg": 0.9458848566560496,
  "roll_deg": -1.107157047404709,
  "seed": 42,
  "world": "default",
  "x": 0.557707193831535,
  "y": -1.8999569791093323,
  "yaw_deg": 63.61181547224808,
  "z": 4.925205228583835
}
[runner] Connecting to PX4 SITL...
Connecting to udp:127.0.0.1:14540...
Connected to PX4 autopilot! (System 1, Component 1)
[runner] PX4 parameter NAV_DLL_ACT=0 confirmed
[runner] PX4 parameter SDLOG_MODE=0 confirmed
[research] Requested telemetry: MAVLINK_MSG_ID_LOCAL_POSITION_NED=30Hz, MAVLINK_MSG_ID_ATTITUDE=30Hz, MAVLINK_MSG_ID_HIGHRES_IMU=20Hz, MAVLINK_MSG_ID_POSITION_TARGET_LOCAL_NED=20Hz, MAVLINK_MSG_ID_ATTITUDE_TARGET=20Hz, MAVLINK_MSG_ID_ACTUATOR_OUTPUT_STATUS=20Hz, MAVLINK_MSG_ID_SERVO_OUTPUT_RAW=20Hz
Started MAVLink receiver thread.
Waiting for fresh position, attitude, and heartbeat telemetry...
[runner] Ground reference captured before airborne initialization: x=-0.029 y=-0.001 z=-0.009 yaw=1.686
[runner] Initial heartbeat main_mode=4 sub_mode=3 armed=False
[runner] Moving disarmed vehicle into randomized airborne fixture...
[runner] Gazebo world paused
[runner] Gazebo set_pose accepted for x500_0: data: true
[runner] Gazebo spawn fixture attached: data: true
[runner] Gazebo world resumed
[runner] Fixture height verified in Gazebo: z=4.925m requested=4.925m
[runner] Airborne PX4 estimator settled after Gazebo move: local=(-1.783,0.509,-4.672) launcher_height=4.925m
Waiting for fresh position, attitude, and heartbeat telemetry...
[randomized] Airborne origin: x=-1.783 y=0.509 z=-4.672 yaw=1.907
[randomized] Realized launcher height / backup local ground: height=4.925 backup_ground_z=0.253
[randomized] Landing ground target: z=-0.009 source=stored_ground_reference
[randomized] Ground-reference cross-check: reference_z=-0.009 prediction_error=0.262m
Research logging: research_log_1789959656.csv
[runner] Pre-streaming neutral setpoints for 2.0s...
[runner] Requesting OFFBOARD at held airborne pose...
[runner] OFFBOARD confirmed
[runner] Requesting arm at held airborne pose...
[runner] Armed confirmed
[runner] Spooling propulsion to measured release readiness...
[runner] Release propulsion ready: thrust=0.640 min_motor=641.0 mean_motor=691.0 duration=2.06s
[runner] Gazebo spawn fixture detached
[randomized] Fixture released; free-flight origin: x=-1.898 y=0.610 z=-5.002
[runner] Starting randomized-initialization controller...
Starting fixed research controller loop
STABILIZE    UNKNOWN      Armed=True Pos=(-1.90, 0.61, -5.00) PlanVel=(0.00, 0.00, 0.00) CmdVel=(0.00, 0.00, 0.00) dt=0.0000
STABILIZE    UNKNOWN      Armed=True Pos=(-2.08, 0.54, -4.57) PlanVel=(0.00, 0.00, 0.00) CmdVel=(0.15, 0.05, -0.44) dt=0.0500
STABILIZE    UNKNOWN      Armed=True Pos=(-2.38, 0.62, -4.60) PlanVel=(0.00, 0.00, 0.00) CmdVel=(0.38, -0.01, -0.40) dt=0.0500
STABILIZE    UNKNOWN      Armed=True Pos=(-2.60, 0.11, -4.74) PlanVel=(0.00, 0.00, 0.00) CmdVel=(0.56, 0.40, -0.26) dt=0.0500
STABILIZE    UNKNOWN      Armed=True Pos=(-2.14, -0.59, -4.83) PlanVel=(0.00, 0.00, 0.00) CmdVel=(0.19, 0.96, -0.18) dt=0.0501
STABILIZE    UNKNOWN      Armed=True Pos=(-1.12, -0.39, -4.88) PlanVel=(0.00, 0.00, 0.00) CmdVel=(-0.62, 0.80, -0.12) dt=0.0500
STABILIZE    UNKNOWN      Armed=True Pos=(-0.99, 0.54, -4.93) PlanVel=(0.00, 0.00, 0.00) CmdVel=(-0.72, 0.05, -0.08) dt=0.0500
STABILIZE    UNKNOWN      Armed=True Pos=(-1.66, 1.04, -4.95) PlanVel=(0.00, 0.00, 0.00) CmdVel=(-0.19, -0.34, -0.05) dt=0.0500
STABILIZE    UNKNOWN      Armed=True Pos=(-2.22, 0.89, -4.96) PlanVel=(0.00, 0.00, 0.00) CmdVel=(0.25, -0.22, -0.05) dt=0.0500
STABILIZE    UNKNOWN      Armed=True Pos=(-2.32, 0.42, -4.95) PlanVel=(0.00, 0.00, 0.00) CmdVel=(0.34, 0.15, -0.05) dt=0.0501
STABILIZE    UNKNOWN      Armed=True Pos=(-2.00, 0.19, -4.97) PlanVel=(0.00, 0.00, 0.00) CmdVel=(0.08, 0.33, -0.03) dt=0.0499
STABILIZE    UNKNOWN      Armed=True Pos=(-1.68, 0.35, -4.99) PlanVel=(0.00, 0.00, 0.00) CmdVel=(-0.18, 0.20, -0.02) dt=0.0500
STABILIZE    UNKNOWN      Armed=True Pos=(-1.61, 0.63, -4.99) PlanVel=(0.00, 0.00, 0.00) CmdVel=(-0.23, -0.01, -0.02) dt=0.0500
[research] Phase transition STABILIZE->TRAJECTORY
TRAJECTORY   UNKNOWN      Armed=True Pos=(-1.68, 0.76, -4.99) PlanVel=(0.00, 0.00, 0.00) CmdVel=(-0.17, -0.12, -0.02) dt=0.0501
TRAJECTORY   UNKNOWN      Armed=True Pos=(-1.81, 0.81, -5.00) PlanVel=(0.60, 0.00, 0.00) CmdVel=(0.71, -0.16, 0.00) dt=0.0501
TRAJECTORY   UNKNOWN      Armed=True Pos=(-1.16, 0.64, -5.01) PlanVel=(1.64, 0.00, 0.00) CmdVel=(2.17, -0.02, 0.01) dt=0.0500
TRAJECTORY   UNKNOWN      Armed=True Pos=(0.93, 0.28, -5.01) PlanVel=(2.00, 0.00, 0.00) CmdVel=(2.46, 0.26, 0.01) dt=0.0500
TRAJECTORY   UNKNOWN      Armed=True Pos=(3.52, 0.23, -5.01) PlanVel=(2.00, 0.00, 0.00) CmdVel=(2.07, 0.30, 0.01) dt=0.0500
TRAJECTORY   UNKNOWN      Armed=True Pos=(5.94, 0.55, -5.01) PlanVel=(2.00, 0.00, 0.00) CmdVel=(1.81, 0.05, 0.01) dt=0.0500
TRAJECTORY   UNKNOWN      Armed=True Pos=(7.98, 0.84, -5.00) PlanVel=(2.00, 0.00, 0.00) CmdVel=(1.86, -0.18, 0.00) dt=0.0500
TRAJECTORY   UNKNOWN      Armed=True Pos=(9.85, 0.93, -5.00) PlanVel=(2.00, 0.00, 0.00) CmdVel=(1.96, -0.25, -0.00) dt=0.0500
TRAJECTORY   UNKNOWN      Armed=True Pos=(11.88, 0.86, -5.02) PlanVel=(2.00, 0.00, 0.00) CmdVel=(2.01, -0.20, 0.02) dt=0.0500
TRAJECTORY   UNKNOWN      Armed=True Pos=(13.88, 0.76, -5.00) PlanVel=(2.00, 0.00, 0.00) CmdVel=(2.02, -0.12, 0.00) dt=0.0500
TRAJECTORY   UNKNOWN      Armed=True Pos=(15.97, 0.67, -5.00) PlanVel=(2.00, 0.00, 0.00) CmdVel=(2.02, -0.05, -0.00) dt=0.0500
TRAJECTORY   UNKNOWN      Armed=True Pos=(18.15, 0.64, -5.01) PlanVel=(2.00, 0.00, 0.00) CmdVel=(1.97, -0.03, 0.01) dt=0.0502
TRAJECTORY   UNKNOWN      Armed=True Pos=(20.26, 0.66, -5.01) PlanVel=(2.00, 0.00, 0.00) CmdVel=(1.95, -0.04, 0.01) dt=0.0500
TRAJECTORY   UNKNOWN      Armed=True Pos=(22.36, 0.65, -5.01) PlanVel=(2.00, 0.00, 0.00) CmdVel=(1.95, -0.03, 0.01) dt=0.0500
TRAJECTORY   UNKNOWN      Armed=True Pos=(24.41, 0.63, -5.02) PlanVel=(2.00, 0.00, 0.00) CmdVel=(1.99, -0.02, 0.02) dt=0.0500
TRAJECTORY   UNKNOWN      Armed=True Pos=(26.40, 0.62, -5.02) PlanVel=(1.79, 0.00, 0.00) CmdVel=(1.75, -0.01, 0.02) dt=0.0499
TRAJECTORY   UNKNOWN      Armed=True Pos=(28.22, 0.64, -5.03) PlanVel=(1.04, 0.00, 0.00) CmdVel=(0.71, -0.03, 0.02) dt=0.0500
TRAJECTORY   UNKNOWN      Armed=True Pos=(29.10, 0.68, -5.02) PlanVel=(1.00, -0.03, 0.00) CmdVel=(0.80, -0.09, 0.02) dt=0.0500
TRAJECTORY   UNKNOWN      Armed=True Pos=(29.97, 0.71, -5.01) PlanVel=(0.99, -0.13, 0.00) CmdVel=(0.93, -0.28, 0.01) dt=0.0499
TRAJECTORY   UNKNOWN      Armed=True Pos=(30.86, 0.49, -5.01) PlanVel=(0.97, -0.23, 0.00) CmdVel=(0.99, -0.35, 0.00) dt=0.0500
TRAJECTORY   UNKNOWN      Armed=True Pos=(31.80, 0.13, -5.00) PlanVel=(0.94, -0.33, 0.00) CmdVel=(1.02, -0.39, -0.00) dt=0.0500
TRAJECTORY   UNKNOWN      Armed=True Pos=(32.81, -0.29, -5.00) PlanVel=(0.90, -0.43, 0.00) CmdVel=(0.94, -0.47, -0.00) dt=0.0500
TRAJECTORY   UNKNOWN      Armed=True Pos=(33.78, -0.75, -5.01) PlanVel=(0.85, -0.52, 0.00) CmdVel=(0.86, -0.60, 0.01) dt=0.0500
TRAJECTORY   UNKNOWN      Armed=True Pos=(34.62, -1.29, -4.99) PlanVel=(0.80, -0.60, 0.00) CmdVel=(0.79, -0.70, -0.01) dt=0.0500
TRAJECTORY   UNKNOWN      Armed=True Pos=(35.43, -1.97, -5.02) PlanVel=(0.73, -0.68, 0.00) CmdVel=(0.72, -0.77, 0.01) dt=0.0500
TRAJECTORY   UNKNOWN      Armed=True Pos=(36.15, -2.71, -5.00) PlanVel=(0.66, -0.76, 0.00) CmdVel=(0.65, -0.86, 0.00) dt=0.0500
TRAJECTORY   UNKNOWN      Armed=True Pos=(36.83, -3.57, -5.00) PlanVel=(0.57, -0.82, 0.00) CmdVel=(0.54, -0.90, -0.00) dt=0.0500
TRAJECTORY   UNKNOWN      Armed=True Pos=(37.39, -4.47, -5.00) PlanVel=(0.48, -0.88, 0.00) CmdVel=(0.44, -0.94, 0.00) dt=0.0500
TRAJECTORY   UNKNOWN      Armed=True Pos=(37.86, -5.40, -5.00) PlanVel=(0.39, -0.92, 0.00) CmdVel=(0.33, -0.96, 0.00) dt=0.0500
TRAJECTORY   UNKNOWN      Armed=True Pos=(38.22, -6.43, -4.99) PlanVel=(0.29, -0.96, 0.00) CmdVel=(0.23, -0.97, -0.01) dt=0.0500
TRAJECTORY   UNKNOWN      Armed=True Pos=(38.46, -7.42, -5.01) PlanVel=(0.19, -0.98, 0.00) CmdVel=(0.14, -1.02, 0.01) dt=0.0499
TRAJECTORY   UNKNOWN      Armed=True Pos=(38.60, -8.52, -5.00) PlanVel=(0.09, -1.00, 0.00) CmdVel=(0.05, -0.98, -0.00) dt=0.0500
TRAJECTORY   UNKNOWN      Armed=True Pos=(38.63, -9.57, -5.01) PlanVel=(-0.02, -1.00, 0.00) CmdVel=(-0.05, -0.98, 0.01) dt=0.0500
TRAJECTORY   UNKNOWN      Armed=True Pos=(38.55, -10.63, -5.02) PlanVel=(-0.12, -0.99, 0.00) CmdVel=(-0.15, -0.96, 0.01) dt=0.0500
TRAJECTORY   UNKNOWN      Armed=True Pos=(38.38, -11.62, -5.02) PlanVel=(-0.22, -0.98, 0.00) CmdVel=(-0.25, -0.95, 0.01) dt=0.0501
TRAJECTORY   UNKNOWN      Armed=True Pos=(38.14, -12.62, -5.01) PlanVel=(-0.32, -0.95, 0.00) CmdVel=(-0.38, -0.93, 0.01) dt=0.0500
TRAJECTORY   UNKNOWN      Armed=True Pos=(37.76, -13.54, -5.00) PlanVel=(-0.41, -0.91, 0.00) CmdVel=(-0.47, -0.90, -0.00) dt=0.0500
TRAJECTORY   UNKNOWN      Armed=True Pos=(37.25, -14.48, -5.00) PlanVel=(-0.51, -0.86, 0.00) CmdVel=(-0.54, -0.84, -0.00) dt=0.0500
TRAJECTORY   UNKNOWN      Armed=True Pos=(36.68, -15.34, -5.00) PlanVel=(-0.59, -0.80, 0.00) CmdVel=(-0.63, -0.79, -0.00) dt=0.0500
TRAJECTORY   UNKNOWN      Armed=True Pos=(36.04, -16.12, -5.00) PlanVel=(-0.67, -0.74, 0.00) CmdVel=(-0.70, -0.72, 0.00) dt=0.0500
TRAJECTORY   UNKNOWN      Armed=True Pos=(35.26, -16.91, -5.01) PlanVel=(-0.75, -0.67, 0.00) CmdVel=(-0.75, -0.62, 0.01) dt=0.0501
TRAJECTORY   UNKNOWN      Armed=True Pos=(34.36, -17.60, -5.00) PlanVel=(-0.82, -0.58, 0.00) CmdVel=(-0.80, -0.54, -0.01) dt=0.0500
TRAJECTORY   UNKNOWN      Armed=True Pos=(33.54, -18.14, -5.01) PlanVel=(-0.87, -0.49, 0.00) CmdVel=(-0.88, -0.44, 0.00) dt=0.0500
TRAJECTORY   UNKNOWN      Armed=True Pos=(32.60, -18.60, -5.01) PlanVel=(-0.92, -0.40, 0.00) CmdVel=(-0.93, -0.36, 0.01) dt=0.0500
TRAJECTORY   UNKNOWN      Armed=True Pos=(31.64, -18.93, -5.00) PlanVel=(-0.95, -0.30, 0.00) CmdVel=(-0.98, -0.30, -0.00) dt=0.0500
TRAJECTORY   UNKNOWN      Armed=True Pos=(30.67, -19.21, -5.00) PlanVel=(-0.98, -0.21, 0.00) CmdVel=(-1.00, -0.18, -0.00) dt=0.0500
TRAJECTORY   UNKNOWN      Armed=True Pos=(29.59, -19.36, -4.99) PlanVel=(-0.99, -0.10, 0.00) CmdVel=(-0.98, -0.08, -0.01) dt=0.0500
TRAJECTORY   UNKNOWN      Armed=True Pos=(28.53, -19.43, -5.00) PlanVel=(-1.00, -0.01, 0.00) CmdVel=(-0.97, 0.03, -0.01) dt=0.0500
TRAJECTORY   UNKNOWN      Armed=True Pos=(27.45, -19.40, -5.00) PlanVel=(-1.18, -0.00, 0.00) CmdVel=(-1.15, 0.01, -0.00) dt=0.0500
TRAJECTORY   UNKNOWN      Armed=True Pos=(26.23, -19.36, -5.00) PlanVel=(-1.92, -0.00, 0.00) CmdVel=(-2.18, -0.02, 0.00) dt=0.0502
TRAJECTORY   UNKNOWN      Armed=True Pos=(24.09, -19.28, -5.01) PlanVel=(-2.00, -0.00, 0.00) CmdVel=(-2.22, -0.09, 0.00) dt=0.0500
TRAJECTORY   UNKNOWN      Armed=True Pos=(21.87, -19.20, -5.01) PlanVel=(-2.00, -0.00, 0.00) CmdVel=(-2.04, -0.15, 0.01) dt=0.0500
TRAJECTORY   UNKNOWN      Armed=True Pos=(19.63, -19.28, -5.00) PlanVel=(-2.00, -0.00, 0.00) CmdVel=(-1.93, -0.09, -0.00) dt=0.0500
TRAJECTORY   UNKNOWN      Armed=True Pos=(17.56, -19.36, -5.00) PlanVel=(-2.00, -0.00, 0.00) CmdVel=(-1.96, -0.02, 0.00) dt=0.0500
TRAJECTORY   UNKNOWN      Armed=True Pos=(15.45, -19.40, -5.00) PlanVel=(-2.00, -0.00, 0.00) CmdVel=(-1.95, 0.01, -0.00) dt=0.0500
TRAJECTORY   UNKNOWN      Armed=True Pos=(13.47, -19.36, -5.00) PlanVel=(-2.00, -0.00, 0.00) CmdVel=(-1.97, -0.03, 0.00) dt=0.0500
TRAJECTORY   UNKNOWN      Armed=True Pos=(11.51, -19.34, -5.00) PlanVel=(-2.00, -0.00, 0.00) CmdVel=(-2.00, -0.04, 0.00) dt=0.0500
TRAJECTORY   UNKNOWN      Armed=True Pos=(9.51, -19.35, -5.00) PlanVel=(-2.00, -0.00, 0.00) CmdVel=(-1.99, -0.03, -0.00) dt=0.0501
TRAJECTORY   UNKNOWN      Armed=True Pos=(7.42, -19.35, -5.00) PlanVel=(-2.00, -0.00, 0.00) CmdVel=(-2.00, -0.03, -0.00) dt=0.0500
TRAJECTORY   UNKNOWN      Armed=True Pos=(5.41, -19.37, -5.02) PlanVel=(-2.00, -0.00, 0.00) CmdVel=(-1.99, -0.02, 0.02) dt=0.0500
TRAJECTORY   UNKNOWN      Armed=True Pos=(3.29, -19.36, -5.01) PlanVel=(-2.00, -0.00, 0.00) CmdVel=(-1.98, -0.03, 0.01) dt=0.0500
TRAJECTORY   UNKNOWN      Armed=True Pos=(1.23, -19.38, -5.00) PlanVel=(-2.00, -0.00, 0.00) CmdVel=(-2.01, -0.01, -0.00) dt=0.0500
TRAJECTORY   UNKNOWN      Armed=True Pos=(-0.87, -19.34, -5.00) PlanVel=(-1.51, -0.00, 0.00) CmdVel=(-1.39, -0.04, -0.00) dt=0.0500
TRAJECTORY   UNKNOWN      Armed=True Pos=(-2.30, -19.38, -5.01) PlanVel=(-0.51, -0.00, 0.00) CmdVel=(-0.05, -0.01, 0.00) dt=0.0500
TRAJECTORY   UNKNOWN      Armed=True Pos=(-2.53, -19.55, -5.01) PlanVel=(0.00, 0.00, 0.00) CmdVel=(0.50, 0.12, 0.01) dt=0.0500
TRAJECTORY   UNKNOWN      Armed=True Pos=(-2.12, -19.55, -5.00) PlanVel=(0.00, 0.00, 0.00) CmdVel=(0.18, 0.13, -0.00) dt=0.0500
TRAJECTORY   UNKNOWN      Armed=True Pos=(-1.88, -19.44, -5.01) PlanVel=(0.00, 0.00, 0.00) CmdVel=(-0.01, 0.04, 0.01) dt=0.0500
TRAJECTORY   UNKNOWN      Armed=True Pos=(-1.81, -19.31, -5.00) PlanVel=(0.00, 0.00, 0.00) CmdVel=(-0.07, -0.06, -0.00) dt=0.0500
TRAJECTORY   UNKNOWN      Armed=True Pos=(-1.81, -19.28, -5.00) PlanVel=(0.00, 0.00, 0.00) CmdVel=(-0.07, -0.09, -0.00) dt=0.0500
TRAJECTORY   UNKNOWN      Armed=True Pos=(-1.84, -19.33, -5.00) PlanVel=(0.00, 0.00, 0.00) CmdVel=(-0.04, -0.05, 0.00) dt=0.0500
TRAJECTORY   UNKNOWN      Armed=True Pos=(-1.86, -19.40, -5.01) PlanVel=(-0.00, 0.13, 0.00) CmdVel=(-0.03, 0.16, 0.00) dt=0.0500
TRAJECTORY   UNKNOWN      Armed=True Pos=(-1.90, -19.22, -5.01) PlanVel=(-0.00, 1.06, 0.00) CmdVel=(0.00, 1.41, 0.01) dt=0.0499
TRAJECTORY   UNKNOWN      Armed=True Pos=(-1.85, -17.84, -5.01) PlanVel=(-0.00, 1.92, 0.00) CmdVel=(-0.04, 2.47, 0.01) dt=0.0500
TRAJECTORY   UNKNOWN      Armed=True Pos=(-1.75, -15.45, -5.01) PlanVel=(-0.00, 2.00, 0.00) CmdVel=(-0.12, 2.31, 0.01) dt=0.0500
TRAJECTORY   UNKNOWN      Armed=True Pos=(-1.75, -13.03, -5.00) PlanVel=(-0.00, 2.00, 0.00) CmdVel=(-0.12, 2.05, -0.00) dt=0.0500
TRAJECTORY   UNKNOWN      Armed=True Pos=(-1.85, -10.91, -5.00) PlanVel=(-0.00, 2.00, 0.00) CmdVel=(-0.04, 1.96, -0.01) dt=0.0500
TRAJECTORY   UNKNOWN      Armed=True Pos=(-1.92, -8.85, -5.01) PlanVel=(-0.00, 2.00, 0.00) CmdVel=(0.02, 1.91, 0.01) dt=0.0500
TRAJECTORY   UNKNOWN      Armed=True Pos=(-1.94, -6.78, -5.00) PlanVel=(-0.00, 2.00, 0.00) CmdVel=(0.03, 1.93, -0.00) dt=0.0500
TRAJECTORY   UNKNOWN      Armed=True Pos=(-1.93, -4.66, -5.00) PlanVel=(-0.00, 2.00, 0.00) CmdVel=(0.03, 1.91, -0.00) dt=0.0500
TRAJECTORY   UNKNOWN      Armed=True Pos=(-1.90, -2.68, -5.00) PlanVel=(-0.00, 2.00, 0.00) CmdVel=(0.00, 1.93, 0.00) dt=0.0500
TRAJECTORY   UNKNOWN      Armed=True Pos=(-1.89, -0.71, -5.00) PlanVel=(-0.00, 1.67, 0.00) CmdVel=(-0.01, 1.55, -0.00) dt=0.0500
TRAJECTORY   UNKNOWN      Armed=True Pos=(-1.88, 0.88, -5.01) PlanVel=(-0.00, 0.64, 0.00) CmdVel=(-0.02, 0.22, 0.01) dt=0.0500
TRAJECTORY   UNKNOWN      Armed=True Pos=(-1.96, 1.23, -5.00) PlanVel=(-0.00, 0.00, 0.00) CmdVel=(0.05, -0.49, -0.00) dt=0.0500
TRAJECTORY   UNKNOWN      Armed=True Pos=(-2.03, 0.84, -5.01) PlanVel=(0.00, 0.00, 0.00) CmdVel=(0.11, -0.18, 0.00) dt=0.0500
TRAJECTORY   UNKNOWN      Armed=True Pos=(-1.96, 0.61, -5.01) PlanVel=(0.00, 0.00, 0.00) CmdVel=(0.05, -0.00, 0.01) dt=0.0500
TRAJECTORY   UNKNOWN      Armed=True Pos=(-1.83, 0.56, -5.00) PlanVel=(0.00, 0.00, 0.00) CmdVel=(-0.05, 0.04, -0.00) dt=0.0500
TRAJECTORY   UNKNOWN      Armed=True Pos=(-1.75, 0.52, -5.00) PlanVel=(0.00, 0.00, 0.00) CmdVel=(-0.12, 0.07, 0.00) dt=0.0500
TRAJECTORY   UNKNOWN      Armed=True Pos=(-1.74, 0.52, -4.99) PlanVel=(0.00, 0.00, 0.00) CmdVel=(-0.13, 0.07, -0.01) dt=0.0501
[research] Phase transition TRAJECTORY->LAND
LAND         UNKNOWN      Armed=True Pos=(-1.74, 0.53, -4.99) PlanVel=(0.00, 0.00, 0.01) CmdVel=(-0.13, 0.07, 0.01) dt=0.0499
LAND         UNKNOWN      Armed=True Pos=(-1.79, 0.58, -4.85) PlanVel=(0.00, 0.00, 0.33) CmdVel=(-0.09, 0.02, 0.33) dt=0.0500
LAND         UNKNOWN      Armed=True Pos=(-1.84, 0.60, -4.37) PlanVel=(0.00, 0.00, 0.50) CmdVel=(-0.04, 0.01, 0.50) dt=0.0500
LAND         UNKNOWN      Armed=True Pos=(-1.88, 0.61, -3.84) PlanVel=(0.00, 0.00, 0.50) CmdVel=(-0.01, -0.00, 0.50) dt=0.0500
LAND         UNKNOWN      Armed=True Pos=(-1.88, 0.57, -3.31) PlanVel=(0.00, 0.00, 0.50) CmdVel=(-0.01, 0.03, 0.50) dt=0.0500
LAND         UNKNOWN      Armed=True Pos=(-1.88, 0.55, -2.77) PlanVel=(0.00, 0.00, 0.50) CmdVel=(-0.01, 0.05, 0.50) dt=0.0500
LAND         UNKNOWN      Armed=True Pos=(-1.89, 0.58, -2.27) PlanVel=(0.00, 0.00, 0.50) CmdVel=(-0.01, 0.03, 0.50) dt=0.0500
LAND         UNKNOWN      Armed=True Pos=(-1.88, 0.59, -1.78) PlanVel=(0.00, 0.00, 0.50) CmdVel=(-0.01, 0.01, 0.50) dt=0.0500
LAND         UNKNOWN      Armed=True Pos=(-1.90, 0.58, -1.26) PlanVel=(0.00, 0.00, 0.50) CmdVel=(-0.00, 0.02, 0.50) dt=0.0500
LAND         UNKNOWN      Armed=True Pos=(-1.89, 0.59, -0.78) PlanVel=(0.00, 0.00, 0.35) CmdVel=(-0.01, 0.02, 0.35) dt=0.0497
LAND         UNKNOWN      Armed=True Pos=(-1.88, 0.60, -0.49) PlanVel=(0.00, 0.00, 0.22) CmdVel=(-0.01, 0.01, 0.22) dt=0.0500
LAND         UNKNOWN      Armed=True Pos=(-1.88, 0.62, -0.31) PlanVel=(0.00, 0.00, 0.14) CmdVel=(-0.01, -0.01, 0.14) dt=0.0499
[research] Phase transition LAND->DONE
DONE         UNKNOWN      Armed=True Pos=(-1.91, 0.62, -0.25) PlanVel=(0.00, 0.00, 0.00) CmdVel=(0.00, 0.00, 0.00) dt=0.0504
[runner] Controlled approach reached landing handoff
[runner] Handing final touchdown to PX4 LAND...
DONE         LAND         Armed=True Pos=(-1.93, 0.63, -0.00) PlanVel=(0.00, 0.00, 0.00) CmdVel=(0.00, 0.00, 0.00) dt=0.0496
DONE         LAND         Armed=True Pos=(-1.92, 0.64, -0.01) PlanVel=(0.00, 0.00, 0.00) CmdVel=(0.00, 0.00, 0.00) dt=0.0505
DONE         LAND         Armed=True Pos=(-1.92, 0.64, -0.01) PlanVel=(0.00, 0.00, 0.00) CmdVel=(0.00, 0.00, 0.00) dt=0.0496
DONE         LAND         Armed=True Pos=(-1.92, 0.66, 0.00) PlanVel=(0.00, 0.00, 0.00) CmdVel=(0.00, 0.00, 0.00) dt=0.0497
DONE         LAND         Armed=True Pos=(-1.92, 0.66, 0.00) PlanVel=(0.00, 0.00, 0.00) CmdVel=(0.00, 0.00, 0.00) dt=0.0503
[runner] PX4 native landing/disarm confirmed
[runner] Post-disarm observation started: requiring 10.0s continuously settled with zero propulsion output
DONE         UNKNOWN      Armed=False Pos=(-1.90, 0.65, 0.00) PlanVel=(0.00, 0.00, 0.00) CmdVel=(0.00, 0.00, 0.00) dt=0.0498
DONE         UNKNOWN      Armed=False Pos=(-1.90, 0.63, 0.01) PlanVel=(0.00, 0.00, 0.00) CmdVel=(0.00, 0.00, 0.00) dt=0.0502
DONE         UNKNOWN      Armed=False Pos=(-1.89, 0.63, 0.00) PlanVel=(0.00, 0.00, 0.00) CmdVel=(0.00, 0.00, 0.00) dt=0.0504
DONE         UNKNOWN      Armed=False Pos=(-1.90, 0.64, -0.02) PlanVel=(0.00, 0.00, 0.00) CmdVel=(0.00, 0.00, 0.00) dt=0.0500
DONE         UNKNOWN      Armed=False Pos=(-1.90, 0.65, -0.04) PlanVel=(0.00, 0.00, 0.00) CmdVel=(0.00, 0.00, 0.00) dt=0.0499
DONE         UNKNOWN      Armed=False Pos=(-1.91, 0.64, -0.05) PlanVel=(0.00, 0.00, 0.00) CmdVel=(0.00, 0.00, 0.00) dt=0.0500
DONE         UNKNOWN      Armed=False Pos=(-1.91, 0.65, -0.03) PlanVel=(0.00, 0.00, 0.00) CmdVel=(0.00, 0.00, 0.00) dt=0.0500
DONE         UNKNOWN      Armed=False Pos=(-1.90, 0.64, -0.01) PlanVel=(0.00, 0.00, 0.00) CmdVel=(0.00, 0.00, 0.00) dt=0.0501
DONE         UNKNOWN      Armed=False Pos=(-1.90, 0.64, 0.00) PlanVel=(0.00, 0.00, 0.00) CmdVel=(0.00, 0.00, 0.00) dt=0.0503
DONE         UNKNOWN      Armed=False Pos=(-1.90, 0.65, 0.00) PlanVel=(0.00, 0.00, 0.00) CmdVel=(0.00, 0.00, 0.00) dt=0.0499
[runner] Post-disarm settled confirmed for 10.0s; propulsion outputs zero.
Stopping controller...
[research] MAVLink message counts: {'ACTUATOR_OUTPUT_STATUS': 2900, 'ALTITUDE': 1450, 'ATTITUDE': 4351, 'ATTITUDE_QUATERNION': 7252, 'ATTITUDE_TARGET': 2901, 'BATTERY_STATUS': 73, 'COMMAND_ACK': 10, 'COMMAND_LONG': 6, 'ESTIMATOR_STATUS': 145, 'EXTENDED_SYS_STATE': 725, 'GLOBAL_POSITION_INT': 7252, 'GPS_RAW_INT': 4395, 'HEARTBEAT': 146, 'HIGHRES_IMU': 2901, 'HOME_POSITION': 73, 'LOCAL_POSITION_NED': 4352, 'MISSION_CURRENT': 145, 'ODOMETRY': 4352, 'OPEN_DRONE_ID_LOCATION': 145, 'OPEN_DRONE_ID_SYSTEM': 145, 'PING': 145, 'POSITION_TARGET_GLOBAL_INT': 49, 'POSITION_TARGET_LOCAL_NED': 2901, 'SCALED_PRESSURE': 145, 'SERVO_OUTPUT_RAW': 2901, 'SYSTEM_TIME': 145, 'SYS_STATUS': 725, 'TIMESYNC': 1450, 'VFR_HUD': 1450, 'VIBRATION': 73}
Controller stopped.
[runner] SUCCESS seed=42 spawn=(0.558,-1.900,4.925)
