[runner] Randomized initialization:
{
  "mode": "random",
  "model": "x500_0",
  "pitch_deg": 0.1435280172267568,
  "roll_deg": -1.710254853329829,
  "seed": 7,
  "world": "default",
  "x": -0.7046689406673505,
  "y": -1.3966033043019923,
  "yaw_deg": -48.35198991146922,
  "z": 7.556541311278976
}
[runner] Connecting to PX4 SITL...
Connecting to udp:127.0.0.1:14540...
Connected to PX4 autopilot! (System 1, Component 1)
[runner] PX4 parameter NAV_DLL_ACT=0 confirmed
[runner] PX4 parameter SDLOG_MODE=0 confirmed
[research] Requested telemetry: MAVLINK_MSG_ID_LOCAL_POSITION_NED=30Hz, MAVLINK_MSG_ID_ATTITUDE=30Hz, MAVLINK_MSG_ID_HIGHRES_IMU=20Hz, MAVLINK_MSG_ID_POSITION_TARGET_LOCAL_NED=20Hz, MAVLINK_MSG_ID_ATTITUDE_TARGET=20Hz, MAVLINK_MSG_ID_ACTUATOR_OUTPUT_STATUS=20Hz, MAVLINK_MSG_ID_SERVO_OUTPUT_RAW=20Hz
Started MAVLink receiver thread.
Waiting for fresh position, attitude, and heartbeat telemetry...
[runner] Ground reference captured before airborne initialization: x=-0.023 y=-0.017 z=0.038 yaw=1.686
[runner] Initial heartbeat main_mode=4 sub_mode=3 armed=False
[runner] Moving disarmed vehicle into randomized airborne fixture...
[runner] Gazebo world paused
[runner] Gazebo set_pose accepted for x500_0: data: true
[runner] Gazebo spawn fixture attached: data: true
[runner] Gazebo world resumed
[runner] Fixture height verified in Gazebo: z=7.557m requested=7.557m
[runner] Airborne PX4 estimator settled after Gazebo move: local=(-0.925,-0.464,-8.297) launcher_height=7.557m
Waiting for fresh position, attitude, and heartbeat telemetry...
[randomized] Airborne origin: x=-0.925 y=-0.464 z=-8.297 yaw=1.704
[randomized] Realized launcher height / backup local ground: height=7.557 backup_ground_z=-0.740
[randomized] Landing ground target: z=0.038 source=stored_ground_reference
[randomized] Ground-reference cross-check: reference_z=0.038 prediction_error=-0.779m
Research logging: research_log_1789957087.csv
[runner] Pre-streaming neutral setpoints for 2.0s...
[runner] Requesting OFFBOARD at held airborne pose...
[runner] OFFBOARD confirmed
[runner] Requesting arm at held airborne pose...
[runner] Armed confirmed
[runner] Spooling propulsion to measured release readiness...
[runner] Release propulsion ready: thrust=0.640 min_motor=675.0 mean_motor=696.8 duration=2.11s
[runner] Gazebo spawn fixture detached
[randomized] Fixture released; free-flight origin: x=-1.359 y=-0.673 z=-7.957
[runner] Starting randomized-initialization controller...
Starting fixed research controller loop
STABILIZE    UNKNOWN      Armed=True Pos=(-1.36, -0.67, -7.96) PlanVel=(0.00, 0.00, 0.00) CmdVel=(0.00, 0.00, 0.00) dt=0.0000
STABILIZE    UNKNOWN      Armed=True Pos=(-1.56, -0.79, -7.52) PlanVel=(0.00, 0.00, 0.00) CmdVel=(0.16, 0.09, -0.44) dt=0.0503
STABILIZE    UNKNOWN      Armed=True Pos=(-1.68, -0.88, -7.57) PlanVel=(0.00, 0.00, 0.00) CmdVel=(0.26, 0.17, -0.39) dt=0.0496
STABILIZE    UNKNOWN      Armed=True Pos=(-1.78, -0.66, -7.67) PlanVel=(0.00, 0.00, 0.00) CmdVel=(0.34, -0.01, -0.28) dt=0.0497
STABILIZE    UNKNOWN      Armed=True Pos=(-1.62, -0.50, -7.77) PlanVel=(0.00, 0.00, 0.00) CmdVel=(0.21, -0.14, -0.18) dt=0.0502
STABILIZE    UNKNOWN      Armed=True Pos=(-1.36, -0.53, -7.82) PlanVel=(0.00, 0.00, 0.00) CmdVel=(-0.00, -0.11, -0.14) dt=0.0504
[research] Phase transition STABILIZE->TRAJECTORY
TRAJECTORY   UNKNOWN      Armed=True Pos=(-1.25, -0.70, -7.87) PlanVel=(0.00, 0.00, 0.00) CmdVel=(-0.09, 0.02, -0.09) dt=0.0502
TRAJECTORY   UNKNOWN      Armed=True Pos=(-1.27, -0.88, -7.88) PlanVel=(0.60, 0.00, 0.00) CmdVel=(0.71, 0.17, -0.08) dt=0.0498
TRAJECTORY   UNKNOWN      Armed=True Pos=(-0.74, -0.71, -7.91) PlanVel=(1.64, 0.00, 0.00) CmdVel=(2.26, 0.03, -0.05) dt=0.0501
TRAJECTORY   UNKNOWN      Armed=True Pos=(1.11, -0.12, -7.93) PlanVel=(2.00, 0.00, 0.00) CmdVel=(2.66, -0.44, -0.02) dt=0.0502
TRAJECTORY   UNKNOWN      Armed=True Pos=(3.71, -0.18, -7.94) PlanVel=(2.00, 0.00, 0.00) CmdVel=(2.18, -0.39, -0.02) dt=0.0503
TRAJECTORY   UNKNOWN      Armed=True Pos=(6.11, -0.63, -7.94) PlanVel=(2.00, 0.00, 0.00) CmdVel=(1.94, -0.04, -0.02) dt=0.0498
TRAJECTORY   UNKNOWN      Armed=True Pos=(8.26, -0.93, -7.93) PlanVel=(2.00, 0.00, 0.00) CmdVel=(1.91, 0.20, -0.03) dt=0.0503
TRAJECTORY   UNKNOWN      Armed=True Pos=(10.24, -0.98, -7.94) PlanVel=(2.00, 0.00, 0.00) CmdVel=(2.00, 0.24, -0.02) dt=0.0498
TRAJECTORY   UNKNOWN      Armed=True Pos=(12.34, -0.90, -7.94) PlanVel=(2.00, 0.00, 0.00) CmdVel=(2.00, 0.19, -0.02) dt=0.0501
TRAJECTORY   UNKNOWN      Armed=True Pos=(14.35, -0.79, -7.94) PlanVel=(2.00, 0.00, 0.00) CmdVel=(2.00, 0.09, -0.02) dt=0.0503
TRAJECTORY   UNKNOWN      Armed=True Pos=(16.40, -0.70, -7.95) PlanVel=(2.00, 0.00, 0.00) CmdVel=(2.03, 0.03, -0.01) dt=0.0497
TRAJECTORY   UNKNOWN      Armed=True Pos=(18.56, -0.67, -7.95) PlanVel=(2.00, 0.00, 0.00) CmdVel=(1.99, -0.00, -0.01) dt=0.0502
TRAJECTORY   UNKNOWN      Armed=True Pos=(20.63, -0.66, -7.96) PlanVel=(2.00, 0.00, 0.00) CmdVel=(2.01, -0.01, 0.00) dt=0.0498
TRAJECTORY   UNKNOWN      Armed=True Pos=(22.76, -0.66, -7.95) PlanVel=(2.00, 0.00, 0.00) CmdVel=(1.98, -0.01, -0.00) dt=0.0502
TRAJECTORY   UNKNOWN      Armed=True Pos=(24.84, -0.66, -7.95) PlanVel=(2.00, 0.00, 0.00) CmdVel=(2.00, -0.01, -0.01) dt=0.0500
TRAJECTORY   UNKNOWN      Armed=True Pos=(26.82, -0.67, -7.94) PlanVel=(1.82, 0.00, 0.00) CmdVel=(1.81, 0.00, -0.01) dt=0.0498
TRAJECTORY   UNKNOWN      Armed=True Pos=(28.65, -0.68, -7.94) PlanVel=(1.06, 0.00, 0.00) CmdVel=(0.77, 0.00, -0.02) dt=0.0503
TRAJECTORY   UNKNOWN      Armed=True Pos=(29.55, -0.70, -7.94) PlanVel=(1.00, -0.02, 0.00) CmdVel=(0.77, 0.01, -0.01) dt=0.0496
TRAJECTORY   UNKNOWN      Armed=True Pos=(30.31, -0.74, -7.95) PlanVel=(0.99, -0.11, 0.00) CmdVel=(0.95, -0.11, -0.01) dt=0.0500
TRAJECTORY   UNKNOWN      Armed=True Pos=(31.24, -0.85, -7.95) PlanVel=(0.98, -0.21, 0.00) CmdVel=(0.98, -0.25, -0.01) dt=0.0498
TRAJECTORY   UNKNOWN      Armed=True Pos=(32.24, -1.08, -7.96) PlanVel=(0.95, -0.31, 0.00) CmdVel=(0.96, -0.39, 0.00) dt=0.0503
TRAJECTORY   UNKNOWN      Armed=True Pos=(33.18, -1.44, -7.96) PlanVel=(0.91, -0.41, 0.00) CmdVel=(0.95, -0.50, 0.01) dt=0.0496
TRAJECTORY   UNKNOWN      Armed=True Pos=(34.11, -1.96, -7.95) PlanVel=(0.86, -0.50, 0.00) CmdVel=(0.91, -0.57, -0.00) dt=0.0502
TRAJECTORY   UNKNOWN      Armed=True Pos=(34.99, -2.53, -7.96) PlanVel=(0.81, -0.59, 0.00) CmdVel=(0.85, -0.66, -0.00) dt=0.0500
TRAJECTORY   UNKNOWN      Armed=True Pos=(35.82, -3.18, -7.96) PlanVel=(0.74, -0.67, 0.00) CmdVel=(0.75, -0.72, 0.01) dt=0.0498
TRAJECTORY   UNKNOWN      Armed=True Pos=(36.56, -3.93, -7.93) PlanVel=(0.67, -0.74, 0.00) CmdVel=(0.67, -0.79, -0.02) dt=0.0504
TRAJECTORY   UNKNOWN      Armed=True Pos=(37.20, -4.76, -7.94) PlanVel=(0.59, -0.81, 0.00) CmdVel=(0.60, -0.84, -0.02) dt=0.0498
TRAJECTORY   UNKNOWN      Armed=True Pos=(37.81, -5.68, -7.94) PlanVel=(0.50, -0.87, 0.00) CmdVel=(0.49, -0.87, -0.02) dt=0.0502
TRAJECTORY   UNKNOWN      Armed=True Pos=(38.27, -6.60, -7.95) PlanVel=(0.41, -0.91, 0.00) CmdVel=(0.40, -0.93, -0.01) dt=0.0498
TRAJECTORY   UNKNOWN      Armed=True Pos=(38.70, -7.62, -7.95) PlanVel=(0.31, -0.95, 0.00) CmdVel=(0.26, -0.94, -0.01) dt=0.0502
TRAJECTORY   UNKNOWN      Armed=True Pos=(38.98, -8.62, -7.96) PlanVel=(0.21, -0.98, 0.00) CmdVel=(0.15, -0.98, 0.00) dt=0.0497
TRAJECTORY   UNKNOWN      Armed=True Pos=(39.08, -9.59, -7.95) PlanVel=(0.11, -0.99, 0.00) CmdVel=(0.10, -1.01, -0.01) dt=0.0500
TRAJECTORY   UNKNOWN      Armed=True Pos=(39.13, -10.64, -7.95) PlanVel=(0.00, -1.00, 0.00) CmdVel=(-0.01, -1.01, -0.01) dt=0.0500
TRAJECTORY   UNKNOWN      Armed=True Pos=(39.11, -11.70, -7.95) PlanVel=(-0.10, -0.99, 0.00) CmdVel=(-0.13, -0.99, -0.00) dt=0.0498
TRAJECTORY   UNKNOWN      Armed=True Pos=(38.96, -12.71, -7.95) PlanVel=(-0.20, -0.98, 0.00) CmdVel=(-0.23, -0.96, -0.01) dt=0.0498
TRAJECTORY   UNKNOWN      Armed=True Pos=(38.68, -13.76, -7.96) PlanVel=(-0.30, -0.95, 0.00) CmdVel=(-0.33, -0.91, -0.00) dt=0.0502
TRAJECTORY   UNKNOWN      Armed=True Pos=(38.33, -14.72, -7.94) PlanVel=(-0.40, -0.92, 0.00) CmdVel=(-0.43, -0.89, -0.02) dt=0.0498
TRAJECTORY   UNKNOWN      Armed=True Pos=(37.82, -15.65, -7.95) PlanVel=(-0.50, -0.87, 0.00) CmdVel=(-0.50, -0.85, -0.01) dt=0.0502
TRAJECTORY   UNKNOWN      Armed=True Pos=(37.30, -16.50, -7.95) PlanVel=(-0.58, -0.82, 0.00) CmdVel=(-0.60, -0.79, -0.01) dt=0.0504
TRAJECTORY   UNKNOWN      Armed=True Pos=(36.66, -17.30, -7.96) PlanVel=(-0.66, -0.75, 0.00) CmdVel=(-0.69, -0.74, 0.00) dt=0.0497
TRAJECTORY   UNKNOWN      Armed=True Pos=(35.98, -18.02, -7.96) PlanVel=(-0.73, -0.68, 0.00) CmdVel=(-0.77, -0.67, 0.00) dt=0.0497
TRAJECTORY   UNKNOWN      Armed=True Pos=(35.16, -18.72, -7.95) PlanVel=(-0.80, -0.60, 0.00) CmdVel=(-0.83, -0.56, -0.00) dt=0.0504
TRAJECTORY   UNKNOWN      Armed=True Pos=(34.27, -19.30, -7.96) PlanVel=(-0.86, -0.51, 0.00) CmdVel=(-0.88, -0.48, 0.00) dt=0.0496
TRAJECTORY   UNKNOWN      Armed=True Pos=(33.29, -19.80, -7.94) PlanVel=(-0.91, -0.42, 0.00) CmdVel=(-0.89, -0.38, -0.02) dt=0.0502
TRAJECTORY   UNKNOWN      Armed=True Pos=(32.34, -20.18, -7.95) PlanVel=(-0.95, -0.32, 0.00) CmdVel=(-0.94, -0.29, -0.01) dt=0.0500
TRAJECTORY   UNKNOWN      Armed=True Pos=(31.40, -20.44, -7.96) PlanVel=(-0.97, -0.23, 0.00) CmdVel=(-0.99, -0.20, -0.00) dt=0.0498
TRAJECTORY   UNKNOWN      Armed=True Pos=(30.37, -20.64, -7.95) PlanVel=(-0.99, -0.12, 0.00) CmdVel=(-1.01, -0.08, -0.00) dt=0.0500
TRAJECTORY   UNKNOWN      Armed=True Pos=(29.34, -20.71, -7.96) PlanVel=(-1.00, -0.02, 0.00) CmdVel=(-0.99, 0.01, 0.00) dt=0.0508
TRAJECTORY   UNKNOWN      Armed=True Pos=(28.30, -20.72, -7.94) PlanVel=(-1.06, -0.00, 0.00) CmdVel=(-1.06, 0.04, -0.02) dt=0.0497
TRAJECTORY   UNKNOWN      Armed=True Pos=(27.13, -20.69, -7.95) PlanVel=(-1.81, -0.00, 0.00) CmdVel=(-2.05, 0.01, -0.00) dt=0.0500
TRAJECTORY   UNKNOWN      Armed=True Pos=(25.11, -20.64, -7.97) PlanVel=(-2.00, -0.00, 0.00) CmdVel=(-2.27, -0.03, 0.01) dt=0.0500
TRAJECTORY   UNKNOWN      Armed=True Pos=(22.71, -20.59, -7.96) PlanVel=(-2.00, -0.00, 0.00) CmdVel=(-2.04, -0.07, 0.00) dt=0.0503
TRAJECTORY   UNKNOWN      Armed=True Pos=(20.57, -20.63, -7.95) PlanVel=(-2.00, -0.00, 0.00) CmdVel=(-2.01, -0.04, -0.01) dt=0.0497
TRAJECTORY   UNKNOWN      Armed=True Pos=(18.40, -20.67, -7.96) PlanVel=(-2.00, -0.00, 0.00) CmdVel=(-1.95, -0.00, 0.00) dt=0.0505
TRAJECTORY   UNKNOWN      Armed=True Pos=(16.34, -20.68, -7.97) PlanVel=(-2.00, -0.00, 0.00) CmdVel=(-1.98, 0.01, 0.01) dt=0.0498
TRAJECTORY   UNKNOWN      Armed=True Pos=(14.33, -20.65, -7.95) PlanVel=(-2.00, -0.00, 0.00) CmdVel=(-1.97, -0.02, -0.01) dt=0.0498
TRAJECTORY   UNKNOWN      Armed=True Pos=(12.27, -20.66, -7.94) PlanVel=(-2.00, -0.00, 0.00) CmdVel=(-2.00, -0.01, -0.02) dt=0.0500
TRAJECTORY   UNKNOWN      Armed=True Pos=(10.13, -20.66, -7.94) PlanVel=(-2.00, -0.00, 0.00) CmdVel=(-1.97, -0.01, -0.01) dt=0.0500
TRAJECTORY   UNKNOWN      Armed=True Pos=(8.14, -20.66, -7.96) PlanVel=(-2.00, -0.00, 0.00) CmdVel=(-1.98, -0.01, -0.00) dt=0.0500
TRAJECTORY   UNKNOWN      Armed=True Pos=(6.03, -20.69, -7.95) PlanVel=(-2.00, -0.00, 0.00) CmdVel=(-1.97, 0.01, -0.01) dt=0.0503
TRAJECTORY   UNKNOWN      Armed=True Pos=(4.05, -20.67, -7.95) PlanVel=(-2.00, -0.00, 0.00) CmdVel=(-1.99, -0.01, -0.00) dt=0.0504
TRAJECTORY   UNKNOWN      Armed=True Pos=(2.11, -20.66, -7.96) PlanVel=(-2.00, -0.00, 0.00) CmdVel=(-2.04, -0.01, -0.00) dt=0.0500
TRAJECTORY   UNKNOWN      Armed=True Pos=(-0.04, -20.68, -7.97) PlanVel=(-1.65, -0.00, 0.00) CmdVel=(-1.57, 0.00, 0.01) dt=0.0496
TRAJECTORY   UNKNOWN      Armed=True Pos=(-1.65, -20.68, -7.96) PlanVel=(-0.61, -0.00, 0.00) CmdVel=(-0.20, 0.01, 0.00) dt=0.0500
TRAJECTORY   UNKNOWN      Armed=True Pos=(-1.94, -20.59, -7.95) PlanVel=(-0.00, -0.00, 0.00) CmdVel=(0.46, -0.07, -0.01) dt=0.0500
TRAJECTORY   UNKNOWN      Armed=True Pos=(-1.57, -20.56, -7.95) PlanVel=(0.00, 0.00, 0.00) CmdVel=(0.17, -0.09, -0.00) dt=0.0500
TRAJECTORY   UNKNOWN      Armed=True Pos=(-1.37, -20.62, -7.96) PlanVel=(0.00, 0.00, 0.00) CmdVel=(0.01, -0.04, 0.01) dt=0.0500
TRAJECTORY   UNKNOWN      Armed=True Pos=(-1.29, -20.72, -7.96) PlanVel=(0.00, 0.00, 0.00) CmdVel=(-0.06, 0.04, 0.01) dt=0.0500
TRAJECTORY   UNKNOWN      Armed=True Pos=(-1.26, -20.74, -7.97) PlanVel=(0.00, 0.00, 0.00) CmdVel=(-0.08, 0.05, 0.01) dt=0.0500
TRAJECTORY   UNKNOWN      Armed=True Pos=(-1.31, -20.73, -7.95) PlanVel=(0.00, 0.00, 0.00) CmdVel=(-0.04, 0.05, -0.00) dt=0.0500
TRAJECTORY   UNKNOWN      Armed=True Pos=(-1.30, -20.70, -7.96) PlanVel=(-0.00, 0.13, 0.00) CmdVel=(-0.05, 0.17, -0.00) dt=0.0500
TRAJECTORY   UNKNOWN      Armed=True Pos=(-1.30, -20.45, -7.96) PlanVel=(-0.00, 1.01, 0.00) CmdVel=(-0.05, 1.27, 0.00) dt=0.0503
TRAJECTORY   UNKNOWN      Armed=True Pos=(-1.36, -19.23, -7.97) PlanVel=(-0.00, 1.88, 0.00) CmdVel=(-0.00, 2.35, 0.01) dt=0.0501
TRAJECTORY   UNKNOWN      Armed=True Pos=(-1.42, -16.93, -7.97) PlanVel=(-0.00, 2.00, 0.00) CmdVel=(0.05, 2.29, 0.01) dt=0.0500
TRAJECTORY   UNKNOWN      Armed=True Pos=(-1.44, -14.64, -7.96) PlanVel=(-0.00, 2.00, 0.00) CmdVel=(0.07, 2.07, 0.00) dt=0.0500
TRAJECTORY   UNKNOWN      Armed=True Pos=(-1.35, -12.55, -7.96) PlanVel=(-0.00, 2.00, 0.00) CmdVel=(-0.01, 1.99, 0.00) dt=0.0500
TRAJECTORY   UNKNOWN      Armed=True Pos=(-1.31, -10.39, -7.95) PlanVel=(-0.00, 2.00, 0.00) CmdVel=(-0.04, 1.94, -0.00) dt=0.0503
TRAJECTORY   UNKNOWN      Armed=True Pos=(-1.29, -8.33, -7.96) PlanVel=(-0.00, 2.00, 0.00) CmdVel=(-0.06, 1.97, 0.00) dt=0.0500
TRAJECTORY   UNKNOWN      Armed=True Pos=(-1.29, -6.17, -7.97) PlanVel=(-0.00, 2.00, 0.00) CmdVel=(-0.06, 1.93, 0.01) dt=0.0500
TRAJECTORY   UNKNOWN      Armed=True Pos=(-1.32, -4.16, -7.97) PlanVel=(-0.00, 2.00, 0.00) CmdVel=(-0.03, 1.92, 0.01) dt=0.0503
TRAJECTORY   UNKNOWN      Armed=True Pos=(-1.32, -2.13, -7.96) PlanVel=(-0.00, 1.71, 0.00) CmdVel=(-0.03, 1.63, 0.00) dt=0.0500
TRAJECTORY   UNKNOWN      Armed=True Pos=(-1.34, -0.44, -7.96) PlanVel=(-0.00, 0.69, 0.00) CmdVel=(-0.02, 0.29, 0.00) dt=0.0500
TRAJECTORY   UNKNOWN      Armed=True Pos=(-1.31, -0.04, -7.96) PlanVel=(-0.00, 0.01, 0.00) CmdVel=(-0.04, -0.50, 0.00) dt=0.0500
TRAJECTORY   UNKNOWN      Armed=True Pos=(-1.27, -0.42, -7.96) PlanVel=(0.00, 0.00, 0.00) CmdVel=(-0.07, -0.21, -0.00) dt=0.0500
TRAJECTORY   UNKNOWN      Armed=True Pos=(-1.31, -0.67, -7.95) PlanVel=(0.00, 0.00, 0.00) CmdVel=(-0.04, -0.00, -0.00) dt=0.0501
TRAJECTORY   UNKNOWN      Armed=True Pos=(-1.40, -0.74, -7.96) PlanVel=(0.00, 0.00, 0.00) CmdVel=(0.03, 0.06, -0.00) dt=0.0500
TRAJECTORY   UNKNOWN      Armed=True Pos=(-1.42, -0.75, -7.95) PlanVel=(0.00, 0.00, 0.00) CmdVel=(0.05, 0.07, -0.00) dt=0.0500
[research] Phase transition TRAJECTORY->LAND
LAND         UNKNOWN      Armed=True Pos=(-1.42, -0.74, -7.95) PlanVel=(0.00, 0.00, 0.02) CmdVel=(0.05, 0.05, 0.02) dt=0.0500
LAND         UNKNOWN      Armed=True Pos=(-1.43, -0.73, -7.81) PlanVel=(0.00, 0.00, 0.33) CmdVel=(0.06, 0.05, 0.33) dt=0.0500
LAND         UNKNOWN      Armed=True Pos=(-1.40, -0.72, -7.35) PlanVel=(0.00, 0.00, 0.50) CmdVel=(0.03, 0.03, 0.50) dt=0.0500
LAND         UNKNOWN      Armed=True Pos=(-1.37, -0.70, -6.81) PlanVel=(0.00, 0.00, 0.50) CmdVel=(0.00, 0.02, 0.50) dt=0.0499
LAND         UNKNOWN      Armed=True Pos=(-1.36, -0.72, -6.28) PlanVel=(0.00, 0.00, 0.50) CmdVel=(-0.00, 0.03, 0.50) dt=0.0500
LAND         UNKNOWN      Armed=True Pos=(-1.35, -0.70, -5.74) PlanVel=(0.00, 0.00, 0.50) CmdVel=(-0.01, 0.02, 0.50) dt=0.0500
LAND         UNKNOWN      Armed=True Pos=(-1.34, -0.68, -5.23) PlanVel=(0.00, 0.00, 0.50) CmdVel=(-0.01, 0.01, 0.50) dt=0.0500
LAND         UNKNOWN      Armed=True Pos=(-1.34, -0.65, -4.70) PlanVel=(0.00, 0.00, 0.50) CmdVel=(-0.01, -0.02, 0.50) dt=0.0500
LAND         UNKNOWN      Armed=True Pos=(-1.36, -0.67, -4.20) PlanVel=(0.00, 0.00, 0.50) CmdVel=(0.00, -0.00, 0.50) dt=0.0500
LAND         UNKNOWN      Armed=True Pos=(-1.37, -0.67, -3.66) PlanVel=(0.00, 0.00, 0.50) CmdVel=(0.01, 0.00, 0.50) dt=0.0500
LAND         UNKNOWN      Armed=True Pos=(-1.36, -0.67, -3.15) PlanVel=(0.00, 0.00, 0.50) CmdVel=(0.00, -0.00, 0.50) dt=0.0500
LAND         UNKNOWN      Armed=True Pos=(-1.36, -0.66, -2.62) PlanVel=(0.00, 0.00, 0.50) CmdVel=(-0.00, -0.01, 0.50) dt=0.0502
LAND         UNKNOWN      Armed=True Pos=(-1.37, -0.69, -2.10) PlanVel=(0.00, 0.00, 0.50) CmdVel=(0.01, 0.01, 0.50) dt=0.0500
LAND         UNKNOWN      Armed=True Pos=(-1.37, -0.68, -1.56) PlanVel=(0.00, 0.00, 0.50) CmdVel=(0.01, 0.00, 0.50) dt=0.0500
LAND         UNKNOWN      Armed=True Pos=(-1.35, -0.65, -1.04) PlanVel=(0.00, 0.00, 0.50) CmdVel=(-0.01, -0.02, 0.50) dt=0.0500
LAND         UNKNOWN      Armed=True Pos=(-1.35, -0.67, -0.61) PlanVel=(0.00, 0.00, 0.29) CmdVel=(-0.01, -0.00, 0.29) dt=0.0500
LAND         UNKNOWN      Armed=True Pos=(-1.35, -0.66, -0.37) PlanVel=(0.00, 0.00, 0.18) CmdVel=(-0.00, -0.01, 0.18) dt=0.0500
LAND         UNKNOWN      Armed=True Pos=(-1.35, -0.66, -0.22) PlanVel=(0.00, 0.00, 0.11) CmdVel=(-0.00, -0.01, 0.11) dt=0.0500
[research] Phase transition LAND->DONE
DONE         UNKNOWN      Armed=True Pos=(-1.36, -0.66, -0.19) PlanVel=(0.00, 0.00, 0.00) CmdVel=(0.00, 0.00, 0.00) dt=0.0501
[runner] Controlled approach reached landing handoff
[runner] Handing final touchdown to PX4 LAND...
DONE         LAND         Armed=True Pos=(-1.35, -0.68, 0.03) PlanVel=(0.00, 0.00, 0.00) CmdVel=(0.00, 0.00, 0.00) dt=0.0500
DONE         LAND         Armed=True Pos=(-1.34, -0.68, 0.02) PlanVel=(0.00, 0.00, 0.00) CmdVel=(0.00, 0.00, 0.00) dt=0.0500
DONE         LAND         Armed=True Pos=(-1.32, -0.67, 0.01) PlanVel=(0.00, 0.00, 0.00) CmdVel=(0.00, 0.00, 0.00) dt=0.0500
DONE         LAND         Armed=True Pos=(-1.33, -0.67, 0.00) PlanVel=(0.00, 0.00, 0.00) CmdVel=(0.00, 0.00, 0.00) dt=0.0500
DONE         LAND         Armed=True Pos=(-1.32, -0.67, 0.01) PlanVel=(0.00, 0.00, 0.00) CmdVel=(0.00, 0.00, 0.00) dt=0.0500
[runner] PX4 native landing/disarm confirmed
Stopping controller...
[research] MAVLink message counts: {'ACTUATOR_OUTPUT_STATUS': 2600, 'ALTITUDE': 1300, 'ATTITUDE': 3901, 'ATTITUDE_QUATERNION': 6502, 'ATTITUDE_TARGET': 2600, 'BATTERY_STATUS': 65, 'COMMAND_ACK': 10, 'COMMAND_LONG': 6, 'ESTIMATOR_STATUS': 130, 'EXTENDED_SYS_STATE': 650, 'GLOBAL_POSITION_INT': 6503, 'GPS_RAW_INT': 3940, 'HEARTBEAT': 131, 'HIGHRES_IMU': 2600, 'HOME_POSITION': 65, 'LOCAL_POSITION_NED': 3901, 'MISSION_CURRENT': 130, 'ODOMETRY': 3901, 'OPEN_DRONE_ID_LOCATION': 130, 'OPEN_DRONE_ID_SYSTEM': 130, 'PING': 130, 'POSITION_TARGET_GLOBAL_INT': 49, 'POSITION_TARGET_LOCAL_NED': 2600, 'SCALED_PRESSURE': 130, 'SERVO_OUTPUT_RAW': 2600, 'SYSTEM_TIME': 130, 'SYS_STATUS': 650, 'TIMESYNC': 1300, 'VFR_HUD': 1300, 'VIBRATION': 65}
Controller stopped.
[runner] SUCCESS seed=7 spawn=(-0.705,-1.397,7.557)
